2026-05-20 12:27:23 [INFO]: 📚 Swagger UI available at http://localhost:5001/api-docs
2026-05-20 12:27:24 [INFO]: [MONGO] products.find - {"slug":{"$exists":false}}
2026-05-20 12:27:24 [INFO]: [MONGO] carts.createIndex - {"user":1}
2026-05-20 12:27:24 [INFO]: [MONGO] users.createIndex - {"email":1}
2026-05-20 12:27:24 [INFO]: [MONGO] stockhistories.createIndex - {"source_id":1}
2026-05-20 12:27:24 [INFO]: [MONGO] reviews.createIndex - {"product":1,"user":1}
2026-05-20 12:27:24 [INFO]: [MONGO] wishlists.createIndex - {"user":1}
2026-05-20 12:27:24 [INFO]: [MONGO] products.createIndex - {"Product_ID":1}
2026-05-20 12:27:24 [INFO]: [MONGO] activitylogs.createIndex - {"action":1}
2026-05-20 12:27:24 [INFO]: [MONGO] chathistories.createIndex - {"user":1}
2026-05-20 12:27:24 [INFO]: [MONGO] coupons.createIndex - {"code":1}
2026-05-20 12:27:24 [INFO]: [MONGO] shades.createIndex - {"Product_ID":1}
2026-05-20 12:27:24 [INFO]: [MONGO] routine_feedbacks.createIndex - {"user":1}
2026-05-20 12:27:24 [INFO]: [GHN Cron] Scheduling status poll: "*/30 * * * *"
2026-05-20 12:27:25 [INFO]: [MONGO] carts.createIndex - {"session_id":1}
2026-05-20 12:27:25 [INFO]: [MONGO] products.createIndex - {"Category_Slug":1}
2026-05-20 12:27:25 [INFO]: [MONGO] dailystats.createIndex - {"date":1}
2026-05-20 12:27:25 [INFO]: [MONGO] shades.createIndex - {"Shade_ID":1}
2026-05-20 12:27:25 [INFO]: [MONGO] carts.createIndex - {"recovery_token":1}
2026-05-20 12:27:25 [INFO]: [MONGO] routine_feedbacks.createIndex - {"productId":1}
2026-05-20 12:27:25 [INFO]: [MONGO] products.createIndex - {"slug":1}
2026-05-20 12:27:25 [INFO]: [MONGO] shades.createIndex - {"No":1}
2026-05-20 12:27:25 [INFO]: [MONGO] carts.createIndex - {"recoveryStatus":1,"lastAbandonedAt":-1}
2026-05-20 12:27:25 [INFO]: [MONGO] routine_feedbacks.createIndex - {"user":1,"createdAt":-1}
2026-05-20 12:27:25 [INFO]: [MONGO] products.createIndex - {"Name":"text","Description_Short":"text","Full_Description":"text"}
2026-05-20 12:27:25 [INFO]: [MONGO] activitylogs.createIndex - {"module":1}
2026-05-20 12:27:25 [INFO]: [MONGO] coupons.createIndex - {"active":1,"validTo":1}
2026-05-20 12:27:25 [INFO]: [MONGO] activitylogs.createIndex - {"createdAt":-1}
2026-05-20 12:27:25 [INFO]: [MONGO] activitylogs.createIndex - {"user":1}
2026-05-20 12:39:23 [INFO]: 📚 Swagger UI available at http://localhost:5001/api-docs
2026-05-20 12:39:24 [INFO]: [MONGO] products.find - {"slug":{"$exists":false}}
2026-05-20 12:39:24 [INFO]: [MONGO] carts.createIndex - {"user":1}
2026-05-20 12:39:24 [INFO]: [MONGO] users.createIndex - {"email":1}
2026-05-20 12:39:24 [INFO]: [MONGO] stockhistories.createIndex - {"source_id":1}
2026-05-20 12:39:24 [INFO]: [MONGO] reviews.createIndex - {"product":1,"user":1}
2026-05-20 12:39:25 [INFO]: [MONGO] wishlists.createIndex - {"user":1}
2026-05-20 12:39:25 [INFO]: [MONGO] products.createIndex - {"Product_ID":1}
2026-05-20 12:39:25 [INFO]: [MONGO] activitylogs.createIndex - {"action":1}
2026-05-20 12:39:25 [INFO]: [MONGO] chathistories.createIndex - {"user":1}
2026-05-20 12:39:25 [INFO]: [MONGO] shades.createIndex - {"Product_ID":1}
2026-05-20 12:39:25 [INFO]: [MONGO] coupons.createIndex - {"code":1}
2026-05-20 12:39:25 [INFO]: [GHN Cron] Scheduling status poll: "*/30 * * * *"
2026-05-20 12:39:25 [INFO]: [MONGO] routine_feedbacks.createIndex - {"user":1}
2026-05-20 12:39:25 [INFO]: [MONGO] carts.createIndex - {"session_id":1}
2026-05-20 12:39:25 [INFO]: [MONGO] dailystats.createIndex - {"date":1}
2026-05-20 12:39:25 [INFO]: [MONGO] products.createIndex - {"Category_Slug":1}
2026-05-20 12:39:25 [INFO]: [MONGO] activitylogs.createIndex - {"module":1}
2026-05-20 12:39:25 [INFO]: [MONGO] shades.createIndex - {"Shade_ID":1}
2026-05-20 12:39:25 [INFO]: [MONGO] coupons.createIndex - {"active":1,"validTo":1}
2026-05-20 12:39:25 [INFO]: [MONGO] routine_feedbacks.createIndex - {"productId":1}
2026-05-20 12:39:25 [INFO]: [MONGO] carts.createIndex - {"recovery_token":1}
2026-05-20 12:39:25 [INFO]: [MONGO] activitylogs.createIndex - {"createdAt":-1}
2026-05-20 12:39:25 [INFO]: [MONGO] products.createIndex - {"slug":1}
2026-05-20 12:39:25 [INFO]: [MONGO] shades.createIndex - {"No":1}
2026-05-20 12:39:25 [INFO]: [MONGO] carts.createIndex - {"recoveryStatus":1,"lastAbandonedAt":-1}
2026-05-20 12:39:25 [INFO]: [MONGO] activitylogs.createIndex - {"user":1}
2026-05-20 12:39:25 [INFO]: [MONGO] routine_feedbacks.createIndex - {"user":1,"createdAt":-1}
2026-05-20 12:39:25 [INFO]: [MONGO] products.createIndex - {"Name":"text","Description_Short":"text","Full_Description":"text"}
2026-05-20 12:43:06 [INFO]: [MONGO] products.aggregate - [{"$match":{}},{"$facet":{"products":[{"$match":{}},{"$sort":{"_id":-1}},{"$skip":0},{"$limit":12}],"totalCount":[{"$match":{}},{"$count":"count"}],"categories":[{"$group":{"_id":"$Category_Slug","count":{"$sum":1}}},{"$sort":{"_id":1}}],"concerns":[{"$group":{"_id":"$Main_Concern","count":{"$sum":1}}},{"$sort":{"_id":1}}],"skinTypes":[{"$group":{"_id":"$Skin_Type_Target","count":{"$sum":1}}},{"$sort":{"_id":1}}]}}]
2026-05-20 12:43:06 [INFO]: ::1 - - [20/May/2026:05:43:06 +0000] "GET /api/v1/products HTTP/1.1" 304 - "-" "Mozilla/5.0 (Windows NT 10.0; Win64; x64) AppleWebKit/537.36 (KHTML, like Gecko) Code/1.120.0 Chrome/142.0.7444.265 Electron/39.8.8 Safari/537.36"
2026-05-20 12:43:16 [INFO]: ::ffff:127.0.0.1 - - [20/May/2026:05:43:16 +0000] "GET /api/v1/products HTTP/1.1" 200 30949 "-" "okhttp/3.14.9"
2026-05-20 12:47:54 [INFO]: ::ffff:127.0.0.1 - - [20/May/2026:05:47:54 +0000] "GET /api/v1/products HTTP/1.1" 200 30949 "-" "okhttp/3.14.9"
2026-05-20 12:59:20 [INFO]: [MONGO] products.aggregate - [{"$match":{}},{"$facet":{"products":[{"$match":{}},{"$sort":{"_id":-1}},{"$skip":0},{"$limit":12}],"totalCount":[{"$match":{}},{"$count":"count"}],"categories":[{"$group":{"_id":"$Category_Slug","count":{"$sum":1}}},{"$sort":{"_id":1}}],"concerns":[{"$group":{"_id":"$Main_Concern","count":{"$sum":1}}},{"$sort":{"_id":1}}],"skinTypes":[{"$group":{"_id":"$Skin_Type_Target","count":{"$sum":1}}},{"$sort":{"_id":1}}]}}]
2026-05-20 12:59:20 [INFO]: ::ffff:127.0.0.1 - - [20/May/2026:05:59:20 +0000] "GET /api/v1/products HTTP/1.1" 200 30949 "-" "okhttp/3.14.9"
2026-05-20 13:00:00 [INFO]: Running Abandoned Cart Check...
2026-05-20 13:00:00 [INFO]: [MONGO] carts.updateMany - {"isProcessing":true,"updatedAt":{"$lt":"2026-05-20T04:00:00.182Z"}}
2026-05-20 13:00:00 [INFO]: [MONGO] carts.find - {"$and":[{"recoveryStatus":"pending"},{"recoveryStatus":{"$ne":"unsubscribed"}}],"lastAbandonedAt":{"$lte":"2026-05-20T05:00:00.181Z","$gt":"2026-05-19T06:00:00.181Z"},"items.0":{"$exists":true},"isProcessing":{"$ne":true}}
2026-05-20 13:00:00 [INFO]: [MONGO] carts.find - {"$and":[{"recoveryStatus":"email_1_sent"},{"recoveryStatus":{"$ne":"unsubscribed"}}],"lastAbandonedAt":{"$lte":"2026-05-19T06:00:00.181Z","$gt":"2026-05-17T06:00:00.181Z"},"items.0":{"$exists":true},"isProcessing":{"$ne":true}}
2026-05-20 13:00:00 [INFO]: [MONGO] carts.find - {"$and":[{"recoveryStatus":"email_2_sent"},{"recoveryStatus":{"$ne":"unsubscribed"}}],"lastAbandonedAt":{"$lte":"2026-05-17T06:00:00.181Z","$gt":"2026-05-13T06:00:00.181Z"},"items.0":{"$exists":true},"isProcessing":{"$ne":true}}
2026-05-20 13:00:00 [INFO]: [MONGO] carts.updateMany - {"recoveryStatus":"email_3_sent","lastAbandonedAt":{"$lte":"2026-05-13T06:00:00.181Z"}}
2026-05-20 13:00:00 [INFO]: Abandoned Cart Check finished. Sent 0 emails.
2026-05-20 13:06:44 [INFO]: [MONGO] products.aggregate - [{"$match":{}},{"$facet":{"products":[{"$match":{}},{"$sort":{"_id":-1}},{"$skip":0},{"$limit":1000}],"totalCount":[{"$match":{}},{"$count":"count"}],"categories":[{"$group":{"_id":"$Category_Slug","count":{"$sum":1}}},{"$sort":{"_id":1}}],"concerns":[{"$group":{"_id":"$Main_Concern","count":{"$sum":1}}},{"$sort":{"_id":1}}],"skinTypes":[{"$group":{"_id":"$Skin_Type_Target","count":{"$sum":1}}},{"$sort":{"_id":1}}]}}]
2026-05-20 13:06:44 [INFO]: ::ffff:127.0.0.1 - - [20/May/2026:06:06:44 +0000] "GET /api/v1/products?limit=1000 HTTP/1.1" 200 65011 "-" "okhttp/3.14.9"
2026-05-20 14:00:00 [INFO]: Running Abandoned Cart Check...
2026-05-20 14:00:00 [INFO]: [MONGO] carts.updateMany - {"isProcessing":true,"updatedAt":{"$lt":"2026-05-20T05:00:00.414Z"}}
2026-05-20 14:00:00 [INFO]: [MONGO] carts.find - {"$and":[{"recoveryStatus":"pending"},{"recoveryStatus":{"$ne":"unsubscribed"}}],"lastAbandonedAt":{"$lte":"2026-05-20T06:00:00.399Z","$gt":"2026-05-19T07:00:00.399Z"},"items.0":{"$exists":true},"isProcessing":{"$ne":true}}
2026-05-20 14:00:01 [INFO]: [MONGO] carts.find - {"$and":[{"recoveryStatus":"email_1_sent"},{"recoveryStatus":{"$ne":"unsubscribed"}}],"lastAbandonedAt":{"$lte":"2026-05-19T07:00:00.399Z","$gt":"2026-05-17T07:00:00.399Z"},"items.0":{"$exists":true},"isProcessing":{"$ne":true}}
2026-05-20 14:00:01 [INFO]: [MONGO] carts.find - {"$and":[{"recoveryStatus":"email_2_sent"},{"recoveryStatus":{"$ne":"unsubscribed"}}],"lastAbandonedAt":{"$lte":"2026-05-17T07:00:00.399Z","$gt":"2026-05-13T07:00:00.399Z"},"items.0":{"$exists":true},"isProcessing":{"$ne":true}}
2026-05-20 14:00:01 [INFO]: [MONGO] carts.updateMany - {"recoveryStatus":"email_3_sent","lastAbandonedAt":{"$lte":"2026-05-13T07:00:00.399Z"}}
2026-05-20 14:00:01 [INFO]: Abandoned Cart Check finished. Sent 0 emails.
2026-05-20 15:00:00 [INFO]: Running Abandoned Cart Check...
2026-05-20 15:00:00 [INFO]: [MONGO] carts.updateMany - {"isProcessing":true,"updatedAt":{"$lt":"2026-05-20T06:00:00.185Z"}}
2026-05-20 15:00:00 [INFO]: [MONGO] carts.find - {"$and":[{"recoveryStatus":"pending"},{"recoveryStatus":{"$ne":"unsubscribed"}}],"lastAbandonedAt":{"$lte":"2026-05-20T07:00:00.182Z","$gt":"2026-05-19T08:00:00.182Z"},"items.0":{"$exists":true},"isProcessing":{"$ne":true}}
2026-05-20 15:00:00 [INFO]: [MONGO] carts.find - {"$and":[{"recoveryStatus":"email_1_sent"},{"recoveryStatus":{"$ne":"unsubscribed"}}],"lastAbandonedAt":{"$lte":"2026-05-19T08:00:00.182Z","$gt":"2026-05-17T08:00:00.182Z"},"items.0":{"$exists":true},"isProcessing":{"$ne":true}}
2026-05-20 15:00:00 [INFO]: [MONGO] carts.find - {"$and":[{"recoveryStatus":"email_2_sent"},{"recoveryStatus":{"$ne":"unsubscribed"}}],"lastAbandonedAt":{"$lte":"2026-05-17T08:00:00.182Z","$gt":"2026-05-13T08:00:00.182Z"},"items.0":{"$exists":true},"isProcessing":{"$ne":true}}
2026-05-20 15:00:01 [INFO]: [MONGO] carts.updateMany - {"recoveryStatus":"email_3_sent","lastAbandonedAt":{"$lte":"2026-05-13T08:00:00.182Z"}}
2026-05-20 15:00:01 [INFO]: Abandoned Cart Check finished. Sent 0 emails.
